--- logger (re)opened 2026-09-06T08:54:42.922429Z ---
[08:54:43.923] ESP-ROM:esp32s3-20210327
Build:Mar 27 2021
rst:0x15 (USB_UART_CHIP_RESET),boot:0x2b (SPI_FAST_FLASH_BOOT)
Saved PC:0x4037bdc2
SPIWP:0xee
mode:DIO, clock div:1
load:0x3fce2820,len:0x14f0
load:0x403c8700,len:0xd24
load:0x403cb700,len:0x2f44
entry 0x403c8924
I (24) boot: ESP-IDF v5.5.5 2nd stage bootloader
I (24) boot: compile time Aug 23 2026 09:41:04
I (25) boot: Multicore bootloader
I (25) boot: chip revision: v0.2
I (28) boot: efuse block revision: v1.4
I (31) boot.esp32s3: Boot SPI Speed : 80MHz
I (35) boot.esp32s3: SPI Mode       : DIO
I (39) boot.esp32s3: SPI Flash Size : 16MB
I (43) boot: Enabling RNG early entropy source...
I (47) boot: Partition Table:
I (50) boot: ## Label            Usage          Type ST Offset   Length
I (56) boot:  0 nvs              WiFi data        01 02 00009000 00010000
I (63) boot:  1 otadata          OTA data         01 00 00019000 00002000
I (69) boot:  2 phy_init         RF data          01 01 0001b000 00001000
I (76) boot:  3 ota_0            OTA app          00 10 00020000 00400000
I (82) boot:  4 ota_1            OTA app          00 11 00420000 00400000
I (89) boot:  5 assets           Unknown data     01 40 00820000 00600000
I (95) boot:  6 coredump         Unknown data     01 03 00e20000 00010000
I (102) boot: End of partition table
I (105) esp_image: segment 0: paddr=00020020 vaddr=3c120020 size=50978h (330104) map
I (173) esp_image: segment 1: paddr=000709a0 vaddr=3fc9ee00 size=05a58h ( 23128) load
I (178) esp_image: segment 2: paddr=00076400 vaddr=40374000 size=09c18h ( 39960) load
I (187) esp_image: segment 3: paddr=00080020 vaddr=42000020 size=1155e0h (1136096) map
I (395) esp_image: segment 4: paddr=00195608 vaddr=4037dc18 size=111ach ( 70060) load
I (411) esp_image: segment 5: paddr=001a67bc vaddr=50000000 size=00020h (    32) load
I (422) boot: Loaded app from partition at offset 0x20000
I (423) boot: Disabling RNG early entropy source...
I (433) octal_psram: vendor id    : 0x0d (AP)
I (433) octal_psram: dev id       : 0x02 (generation 3)
I (433) octal_psram: density      : 0x03 (64 Mbit)
I (435) octal_psram: good-die     : 0x01 (Pass)
I (440) octal_psram: Latency      : 0x01 (Fixed)
I (444) octal_psram: VCC          : 0x01 (3V)
I (448) octal_psram: SRF          : 0x01 (Fast Refresh)
I (453) octal_psram: BurstType    : 0x01 (Hybrid Wrap)
I (458) octal_psram: BurstLen     : 0x01 (32 Byte)
I (462) octal_psram: Readlatency  : 0x02 (10 cycles@Fixed)
I (467) octal_psram: DriveStrength: 0x00 (1/1)
I (472) MSPI Timing: Enter psram timing tuning
I (477) esp_psram: Found 8MB PSRAM device
I (480) esp_psram: Speed: 80MHz
I (483) cpu_start: Multicore app
I (898) esp_psram: SPI SRAM memory test OK
I (907) cpu_start: GPIO 44 and 43 are used as console UART I/O pins
I (908) cpu_start: Pro cpu start user code
I (908) cpu_start: cpu freq: 240000000 Hz
I (909) app_init: Application information:
I (913) app_init: Project name:     deskmate
I (917) app_init: App version:      v2.0.0-raster1
I (921) app_init: Compile time:     Sep  5 2026 23:22:28
I (926) app_init: ELF file SHA256:  d663a6a58...
I (931) app_init: ESP-IDF:          v5.5.5
I (935) efuse_init: Min chip rev:     v0.0
I (938) efuse_init: Max chip rev:     v0.99 
I (942) efuse_init: Chip rev:         v0.2
I (946) heap_init: Initializing. RAM available for dynamic allocation:
I (953) heap_init: At 3FCB9C98 len 0002FA78 (190 KiB): RAM
I (958) heap_init: At 3FCE9710 len 00005724 (21 KiB): RAM
I (963) heap_init: At 3FCF0000 len 00008000 (32 KiB): DRAM
I (968) heap_init: At 600FE000 len 00001FE8 (7 KiB): RTCRAM
I (973) esp_psram: Adding pool of 8192K of PSRAM memory to heap allocator
I (981) spi_flash: detected chip: generic
I (984) spi_flash: flash io: dio
I (987) sleep_gpio: Configure to isolate all GPIO pins in sleep state
I (993) sleep_gpio: Enable automatic switching of GPIO sleep configuration

[08:54:44.922] I (999) esp_core_dump_flash: Init core dump to flash
I (1004) esp_core_dump_flash: Found partition 'coredump' @ e20000 65536 bytes
I (1030) esp_core_dump_flash: Core dump data checksum is correct
I (1030) esp_core_dump_flash: Found core dump 20676 bytes in flash @ 0xe20000
I (1032) esp_psram: Reserving pool of 32K of internal memory for DMA/internal allocations

--- logger (re)opened 2026-09-06T14:34:30.802769Z ---
[14:34:31.803] ESP-ROM:esp32s3-20210327
Build:Mar 27 2021
rst:0x15 (USB_UART_CHIP_RESET),boot:0x2b (SPI_FAST_FLASH_BOOT)
Saved PC:0x420081cb
SPIWP:0xee
mode:DIO, clock div:1
load:0x3fce2820,len:0x14f0
load:0x403c8700,len:0xd24
load:0x403cb700,len:0x2f44
entry 0x403c8924
I (24) boot: ESP-IDF v5.5.5 2nd stage bootloader
I (24) boot: compile time Aug 23 2026 09:41:04
I (25) boot: Multicore bootloader
I (25) boot: chip revision: v0.2
I (28) boot: efuse block revision: v1.4
I (31) boot.esp32s3: Boot SPI Speed : 80MHz
I (35) boot.esp32s3: SPI Mode       : DIO
I (39) boot.esp32s3: SPI Flash Size : 16MB
I (43) boot: Enabling RNG early entropy source...
I (47) boot: Partition Table:
I (50) boot: ## Label            Usage          Type ST Offset   Length
I (56) boot:  0 nvs              WiFi data        01 02 00009000 00010000
I (63) boot:  1 otadata          OTA data         01 00 00019000 00002000
I (69) boot:  2 phy_init         RF data          01 01 0001b000 00001000
I (76) boot:  3 ota_0            OTA app          00 10 00020000 00400000
I (82) boot:  4 ota_1            OTA app          00 11 00420000 00400000
I (89) boot:  5 assets           Unknown data     01 40 00820000 00600000
I (95) boot:  6 coredump         Unknown data     01 03 00e20000 00010000
I (102) boot: End of partition table
I (105) esp_image: segment 0: paddr=00020020 vaddr=3c120020 size=50978h (330104) map
I (173) esp_image: segment 1: paddr=000709a0 vaddr=3fc9ee00 size=05a58h ( 23128) load
I (178) esp_image: segment 2: paddr=00076400 vaddr=40374000 size=09c18h ( 39960) load
I (187) esp_image: segment 3: paddr=00080020 vaddr=42000020 size=1155e0h (1136096) map
I (395) esp_image: segment 4: paddr=00195608 vaddr=4037dc18 size=111ach ( 70060) load
I (411) esp_image: segment 5: paddr=001a67bc vaddr=50000000 size=00020h (    32) load
I (422) boot: Loaded app from partition at offset 0x20000
I (423) boot: Disabling RNG early entropy source...
I (433) octal_psram: vendor id    : 0x0d (AP)
I (433) octal_psram: dev id       : 0x02 (generation 3)
I (433) octal_psram: density      : 0x03 (64 Mbit)
I (435) octal_psram: good-die     : 0x01 (Pass)
I (440) octal_psram: Latency      : 0x01 (Fixed)
I (444) octal_psram: VCC          : 0x01 (3V)
I (448) octal_psram: SRF          : 0x01 (Fast Refresh)
I (453) octal_psram: BurstType    : 0x01 (Hybrid Wrap)
I (458) octal_psram: BurstLen     : 0x01 (32 Byte)
I (462) octal_psram: Readlatency  : 0x02 (10 cycles@Fixed)
I (467) octal_psram: DriveStrength: 0x00 (1/1)
I (472) MSPI Timing: Enter psram timing tuning
I (477) esp_psram: Found 8MB PSRAM device
I (480) esp_psram: Speed: 80MHz
I (483) cpu_start: Multicore app
I (898) esp_psram: SPI SRAM memory test OK
I (907) cpu_start: GPIO 44 and 43 are used as console UART I/O pins
I (908) cpu_start: Pro cpu start user code
I (908) cpu_start: cpu freq: 240000000 Hz
I (909) app_init: Application information:
I (913) app_init: Project name:     deskmate
I (917) app_init: App version:      v2.0.0-raster1
I (921) app_init: Compile time:     Sep  5 2026 23:22:28
I (926) app_init: ELF file SHA256:  d663a6a58...
I (931) app_init: ESP-IDF:          v5.5.5
I (935) efuse_init: Min chip rev:     v0.0
I (938) efuse_init: Max chip rev:     v0.99 
I (942) efuse_init: Chip rev:         v0.2
I (946) heap_init: Initializing. RAM available for dynamic allocation:
I (953) heap_init: At 3FCB9C98 len 0002FA78 (190 KiB): RAM
I (958) heap_init: At 3FCE9710 len 00005724 (21 KiB): RAM
I (963) heap_init: At 3FCF0000 len 00008000 (32 KiB): DRAM
I (968) heap_init: At 600FE000 len 00001FE8 (7 KiB): RTCRAM
I (973) esp_psram: Adding pool of 8192K of PSRAM memory to heap allocator
I (981) spi_flash: detected chip: generic
I (984) spi_flash: flash io: dio
I (987) sleep_gpio: Configure to isolate all GPIO pins in sleep state
I (993) sleep_gpio: Enable automatic switching of GPIO sleep configuration

[14:34:32.808] I (999) esp_core_dump_flash: Init core dump to flash
I (1004) esp_core_dump_flash: Found partition 'coredump' @ e20000 65536 bytes
I (1030) esp_core_dump_flash: Core dump data checksum is correct
I (1030) esp_core_dump_flash: Found core dump 20676 bytes in flash @ 0xe20000
I (1032) esp_psram: Reserving pool of 32K of internal memory for DMA/internal allocations

